✔ profiler output defaults to durable evidence outside Playwright cleanup (1.184584ms)
✔ profiler rejects resettable app output trees after path normalization (0.340333ms)
✔ profiler preserves safe custom output paths and similarly named siblings (0.443875ms)
✔ output validation rejects symlink aliases before missing descendants are created (5.618416ms)
✔ profiler writer rejects unsafe output before serialization or filesystem writes (0.39425ms)
✔ profiler writer uses its validated normalized path for symlink traversal (3.576125ms)
✔ full scheduler snapshots are sampled per RAF only for runtime-owner acceptance (0.111625ms)
✔ scheduler scalar telemetry is observed per RAF when acceptance needs extrema (0.051708ms)
✔ report provenance validates regular, switch, and lifecycle served-build markers (0.244334ms)
✔ report provenance allows a clean external subject to differ from its clean harness (0.114125ms)
✔ comparison contract markers require one complete canonical integer (0.065083ms)
✔ report provenance fails closed for unknown or dirty sources (0.103083ms)
✔ report provenance rejects served-build, managed harness, and contract mismatches (0.070625ms)
✔ external report provenance still rejects served-build and contract mismatches (0.052208ms)
✔ budget-enforced profiling fails closed for incomparable provenance (0.089542ms)
✔ closeup acceptance rejects synchronous worker fallback (0.277417ms)
✔ closeup acceptance requires the selected bed to exercise foliage (0.093042ms)
✔ closeup acceptance bounds archetypes for the grown foliage fixture (0.097208ms)
✔ plant closeup scenario set resolves deterministic desktop and mobile runs (0.125ms)
✔ profile request reads the deterministic closeup target (0.108333ms)
✔ high target scenario set covers representative High DPR 2 phases (0.228542ms)
✔ cross-tier scenario set replays one High-target garden across every tier and phase (0.39675ms)
✔ fauna scenario set isolates the deterministic daytime High workload (0.090084ms)
✔ garden-switch scenario keeps repeated High and fauna arrivals in one context (0.058042ms)
✔ lifecycle scenario repeats the exact High workload in fresh contexts (0.058625ms)
✔ live lifecycle scenario measures unpinned SceneTime only in its candidate set (0.049208ms)
✔ runtime-owner scenarios cover every tier with rain, camera, outline, and no fixed clock (0.095042ms)
✔ bounded camera motion cycles are closed and alternate their leading direction (0.052167ms)
✔ camera snapshot endpoint drift fails closed for invalid snapshots (0.103959ms)
✔ static-idle scenario isolates one visible fixed-time zero-work fixture (0.049292ms)
✔ operation-visual High scenario is isolated behind its own opt-in set (0.069708ms)
✔ foliage-budget High scenario reserves exact detail for explicit close-up (0.047208ms)
✔ weather-material High scenarios pair legacy and integrated rain and snow (0.104125ms)
✔ weather-material runs interleave five legacy and integrated samples per pair (0.15675ms)
✔ static scene-cache High scenarios use deterministic five-run ABBA pairs (0.192875ms)
✔ snow-onset High scenarios provide deterministic visual legacy and integrated cases (0.094917ms)
✔ profile request defaults invalid weather-surface values to integrated (0.041042ms)
✔ profile request defaults invalid static scene-cache values to cache (0.027375ms)
✔ profile request enables the static scene-cache occlusion fixture only for an exact opt-in (0.027333ms)
✔ outline scenario deterministically targets the connected raised bed after warmup (0.036625ms)
✔ outline telemetry readiness requires the connected target and one style group (0.043209ms)
✔ lifecycle renderer stats barrier requires a post-barrier root and submitted-render receipt (0.094667ms)
✔ lifecycle renderer stats resource measurements fail closed for canonical and legacy evidence (0.087791ms)
✔ legacy lifecycle renderer stats mode is limited to an explicit clean external old subject (0.100542ms)
✔ graphics backend auto-selects macOS Metal with an explicit portable override (0.05025ms)
✔ graphics backend CLI overrides the portable auto default explicitly (0.159542ms)
✔ legacy operation visual profiling bypass is explicit (0.109416ms)
✔ legacy outline pipeline profiling is explicit (0.105125ms)
✔ adaptive High scenario set pairs fixed and adaptive motion and preserves runtime features (0.127833ms)
✔ historical dense High stays at DPR 1 while high-target uses DPR 2 (0.03175ms)
✔ profile request parses the High target fixture contract (0.033583ms)
✔ injected GPU timing yields to an existing elapsed-time query (0.087125ms)
✔ profiler display cadence control owns app RAF while preserving native profiler RAF and cancellation (0.766875ms)
✔ profile context tracking starts before Canvas discovery without handling loss itself (2.832125ms)
✔ lifecycle cold milestones are captured at document start and first submitted draw (0.081958ms)
✔ population exposure helpers canonicalize and fail closed on invalid census data (4.1185ms)
✔ cross-tier resource snapshot state rejects malformed raw population telemetry (0.182291ms)
✔ document-start cold milestones honor 1x, 1.5x, and 2x backing DPR (0.313333ms)
✔ runtime GPU-source scenario disables only the external profiler timer (0.147666ms)
✔ browser metrics retain live and lifetime WebGL resource counts (0.262667ms)
✔ render budgets gate calls and triangles per rendered frame (0.109333ms)
✔ render budgets gate retained heap and keep window heap diagnostic (0.066583ms)
✔ render work normalization separates rendered work from rAF responsiveness (0.045041ms)
✔ markdown reports per-rAF and per-render work in separate columns (0.119542ms)
✔ markdown reports the visible static-idle zero-work witness (0.080916ms)
✔ markdown distinguishes controlled governor evidence and formats range failures (0.106167ms)
✔ interactive sampling stops at the endpoint and drains bounded long tasks later (1.473917ms)
✔ interactive sampling stays on native profiler RAF and reports controlled delivery telemetry (0.240667ms)
✔ interactive sampling deep-clones scheduler owners and reports exact counter deltas (0.208416ms)
✔ interactive sampling preserves absent scheduler telemetry without changing legacy samples (0.136792ms)
✔ garden-switch sampling primes the discarded RAF before switch work (0.169167ms)
✔ profile finalization captures timed CDP counters before draining GPU queries (0.079666ms)
✔ scenario memory evidence collects once and preserves both heap readings (0.072042ms)
✔ scenario memory evidence fails closed without both CDP heap readings (0.056583ms)
✔ render budgets enforce GPU p95 when timer queries are supported (0.044417ms)
✔ render budgets skip incomplete or disjoint GPU timer results (0.058ms)
✔ high target acceptance proves the intended workload rendered (0.593292ms)
✔ cross-tier acceptance verifies resolved quality and capped backing buffer (3.057833ms)
✔ cross-tier acceptance verifies synthetic Automatic device inputs (0.349834ms)
✔ fauna acceptance requires the exact fixture, census, command, network, and visual witnesses (1.202167ms)
✔ garden-switch budgets apply the absolute retained-heap ceiling (0.07325ms)
✔ garden-switch acceptance fails closed across fixtures, interaction, visuals, identity, timing, and resources (1.865584ms)
✔ lifecycle acceptance gates owned scheduling while keeping full residual and CDP evidence diagnostic (0.850875ms)
✔ lifecycle zero-work separates owned scheduling from full render and runtime residuals (0.138375ms)
✔ static-idle evidence and acceptance require a visible settled zero-work window (0.495417ms)
✔ lifecycle acceptance passes one complete contract and rejects focused evidence mutations (1.227125ms)
✔ legacy lifecycle acceptance explicitly requires pre-receipt telemetry while canonical mode fails closed (0.247625ms)
✔ lifecycle suspension tracker observes only the actual Canvas callback and preserves native semantics (2.171333ms)
✔ delayed lifecycle signal delivery retains productive pre-signal work without failing suspension (0.68075ms)
✔ live lifecycle boundary fails closed on missing or malformed acknowledgement and raw evidence tampering (8.152083ms)
✔ live lifecycle suspension requires cancellation at signal delivery and exact-zero work after acknowledgement (10.312833ms)
✔ lifecycle suspension evidence requires a settled endpoint and causal frame drain (0.221083ms)
✔ live lifecycle suspension bounds action drain and requires exact-zero settled work (14.686208ms)
✔ live lifecycle resume transition bounds owned cadence, browser frames, requests, and failures (5.433166ms)
✔ live lifecycle steady resume keeps owned and R3F cadence strict with no pending requests (2.174291ms)
✔ live lifecycle acceptance gates exhaustive zero work, bounded resume health, and persistent cadence (25.679875ms)
✔ runtime-owner acceptance proves exact camera, weather, plant, and fauna cadence across tiers (0.938417ms)
✔ runtime-owner acceptance gates delivered 30 and 60 FPS cadence (0.391791ms)
✔ runtime-owner acceptance rejects missing, intermittent, or wrong-rate owner evidence (1.544416ms)
✔ runtime-owner acceptance fails closed on sample, target, visual, and error witnesses (0.845042ms)
✔ runtime-owner acceptance rejects position, target, and zoom endpoint drift (0.21675ms)
✔ candidate runtime-owner repeats stay outside canonical High and cross-tier medians (0.111375ms)
✔ runtime-owner markdown reports cadence, owned work, and screenshot evidence (0.186958ms)
✔ lifecycle summary groups three fresh-context repeats as one scenario outside High medians (0.512667ms)
✔ lifecycle markdown separates owned scheduling from full zero-work witnesses (0.177417ms)
✔ live lifecycle markdown exposes suspension, resume transition, and steady cadence evidence (0.24625ms)
✔ local profiler console filtering only ignores the known missing analytics asset (0.047833ms)
✔ operation-visual High acceptance gates batching, uploads, mulch, and highlight identity (0.293417ms)
✔ foliage-budget High acceptance admits one normal-view detail bed (0.09125ms)
✔ weather-surface High acceptance proves integrated work without hiding fallbacks (0.359958ms)
✔ outline acceptance gates deterministic dispatch and telemetry when available (0.546209ms)
✔ adaptive High acceptance allows bounded effective DPR during interaction (0.254292ms)
✔ high target acceptance distinguishes a cached map from refreshes and resets (0.069916ms)
✔ high target placement acceptance requires one deferred final shadow flush (0.12825ms)
✔ high target acceptance requires the full workload to remain visible (0.053917ms)
✔ high target acceptance rejects failed API requests (0.033042ms)
✔ static scene-cache acceptance requires a warm, stable timed window (0.155084ms)
✔ cloudy static scene-cache acceptance proves live cloud attenuation without shadow recaptures (0.076458ms)
✔ static scene-cache occlusion acceptance requires cached depth and live layers on verified hits (0.185917ms)
✔ high target acceptance rejects a demand-render scene with one frame (0.043041ms)
✔ high target acceptance rejects zero work and an incomplete fixture (0.035292ms)
✔ high target repeated runs budget the median while retaining run diagnostics (0.150833ms)
✔ high target aggregate requires acceptance from every repeated run (0.102416ms)
✔ high target aggregate fails when the median exceeds a performance budget (0.059667ms)
✔ cross-tier medians retain tier identity and render in a separate report section (0.416333ms)
✔ adaptive High comparison reports paired pass rates and frame/GPU deltas (0.441334ms)
✔ static scene-cache comparison gates paired render work, GPU, and resources (1.171458ms)
✔ static scene-cache image parity measures RGB errors per pixel (0.141334ms)
✔ static scene-cache visual comparison fails closed without a deterministic clock contract (0.138167ms)
✔ weather-surface comparison gates render work, GPU time, and renderer programs (1.282417ms)
✔ placement scenario resolves a deterministic staggered two-chunk run (0.04425ms)
✔ profile request exposes placement profiling mode (0.042833ms)
✔ closeup medians include scheduler, template cache, and packed worker counters (0.895ms)
✔ autumn launch scenarios cover exact bounded A/B fixture sizes, quality classes and seasonal weather without new budgets (0.103917ms)
✔ launch scene witness rejects sky-only and missing metrics without changing other scenarios (0.104583ms)
ℹ tests 135
ℹ suites 0
ℹ pass 135
ℹ fail 0
ℹ cancelled 0
ℹ skipped 0
ℹ todo 0
ℹ duration_ms 329.662792
